
≡ƒöº Running migrations on test database...
Γ£à Test database migrations complete

node.exe : FAIL tests/auth.test.js
At C:\Program Files\nodejs\npx.ps1:29 char:3
+   & $NODE_EXE $NPX_CLI_JS $args
+   ~~~~~~~~~~~~~~~~~~~~~~~~~~~~~
    + CategoryInfo          : NotSpecified: (FAIL tests/auth. 
   test.js:String) [], RemoteException
    + FullyQualifiedErrorId : NativeCommandError
 
  ΓùÅ Auth Endpoints ΓÇ║ POST /api/auth/register ΓÇ║ should 
register a new user and return access token

    PrismaClientKnownRequestError: 
    Invalid `prisma.auditLog.deleteMany()` invocation in
    C:\Users\ketan\OneDrive\Desktop\zoryvn\tests\auth.test.js:
35:25

      32 
      33 // ΓöÇΓöÇΓöÇ Cleanup Helper ΓöÇΓöÇΓöÇΓöÇΓöÇΓöÇΓöÇΓöÇΓ
öÇΓöÇΓöÇΓöÇΓöÇΓöÇΓöÇΓöÇΓöÇΓöÇΓöÇΓöÇΓöÇΓöÇΓöÇΓöÇΓöÇΓöÇΓöÇΓöÇΓöÇ
ΓöÇΓöÇΓöÇΓöÇΓöÇΓöÇΓöÇΓöÇΓöÇΓöÇΓöÇΓöÇΓöÇΓöÇΓöÇΓöÇΓöÇΓöÇΓöÇΓöÇΓö
ÇΓöÇΓöÇΓöÇΓöÇΓöÇΓöÇΓöÇΓöÇΓöÇ
      34 const cleanup = async () => {
    ΓåÆ 35   await prisma.auditLog.deleteMany(
    The table `public.audit_logs` does not exist in the 
current database.

    [0m [90m 33 |[39m [90m// ΓöÇΓöÇΓöÇ Cleanup Helper ΓöÇΓ
öÇΓöÇΓöÇΓöÇΓöÇΓöÇΓöÇΓöÇΓöÇΓöÇΓöÇΓöÇΓöÇΓöÇΓöÇΓöÇΓöÇΓöÇΓöÇΓöÇΓöÇ
ΓöÇΓöÇΓöÇΓöÇΓöÇΓöÇΓöÇΓöÇΓöÇΓöÇΓöÇΓöÇΓöÇΓöÇΓöÇΓöÇΓöÇΓöÇΓöÇΓöÇΓö
ÇΓöÇΓöÇΓöÇΓöÇΓöÇΓöÇΓöÇΓöÇΓöÇΓöÇΓöÇΓöÇΓöÇΓöÇΓöÇΓöÇ[39m
     [90m 34 |[39m [36mconst[39m cleanup [33m=[39m 
[36masync[39m () [33m=>[39m {
    [31m[1m>[22m[39m[90m 35 |[39m   [36mawait[39m 
prisma[33m.[39mauditLog[33m.[39mdeleteMany({ 
where[33m:[39m { user[33m:[39m { email[33m:[39m { 
contains[33m:[39m [32m'zorvyn-test.dev'[39m } } } 
})[33m;[39m
     [90m    |[39m   [31m[1m^[22m[39m
     [90m 36 |[39m   [36mawait[39m 
prisma[33m.[39mrefreshToken[33m.[39mdeleteMany({ 
where[33m:[39m { user[33m:[39m { email[33m:[39m { 
contains[33m:[39m [32m'zorvyn-test.dev'[39m } } } 
})[33m;[39m
     [90m 37 |[39m   [36mawait[39m 
prisma[33m.[39muser[33m.[39mdeleteMany({ where[33m:[39m 
{ email[33m:[39m { contains[33m:[39m 
[32m'zorvyn-test.dev'[39m } } })[33m;[39m
     [90m 38 |[39m }[33m;[39m[0m

      at $n.handleRequestError 
(node_modules/@prisma/client/runtime/library.js:121:7315)
      at $n.handleAndLogRequestError 
(node_modules/@prisma/client/runtime/library.js:121:6623)
      at $n.request 
(node_modules/@prisma/client/runtime/library.js:121:6307)
      at l 
(node_modules/@prisma/client/runtime/library.js:130:9633)
      at cleanup (tests/auth.test.js:35:3)
      at Object.<anonymous> (tests/auth.test.js:42:5)

  ΓùÅ Auth Endpoints ΓÇ║ POST /api/auth/register ΓÇ║ should 
return 409 if email already exists

    PrismaClientKnownRequestError: 
    Invalid `prisma.auditLog.deleteMany()` invocation in
    C:\Users\ketan\OneDrive\Desktop\zoryvn\tests\auth.test.js:
35:25

      32 
      33 // ΓöÇΓöÇΓöÇ Cleanup Helper ΓöÇΓöÇΓöÇΓöÇΓöÇΓöÇΓöÇΓöÇΓ
öÇΓöÇΓöÇΓöÇΓöÇΓöÇΓöÇΓöÇΓöÇΓöÇΓöÇΓöÇΓöÇΓöÇΓöÇΓöÇΓöÇΓöÇΓöÇΓöÇΓöÇ
ΓöÇΓöÇΓöÇΓöÇΓöÇΓöÇΓöÇΓöÇΓöÇΓöÇΓöÇΓöÇΓöÇΓöÇΓöÇΓöÇΓöÇΓöÇΓöÇΓöÇΓö
ÇΓöÇΓöÇΓöÇΓöÇΓöÇΓöÇΓöÇΓöÇΓöÇ
      34 const cleanup = async () => {
    ΓåÆ 35   await prisma.auditLog.deleteMany(
    The table `public.audit_logs` does not exist in the 
current database.

    [0m [90m 33 |[39m [90m// ΓöÇΓöÇΓöÇ Cleanup Helper ΓöÇΓ
öÇΓöÇΓöÇΓöÇΓöÇΓöÇΓöÇΓöÇΓöÇΓöÇΓöÇΓöÇΓöÇΓöÇΓöÇΓöÇΓöÇΓöÇΓöÇΓöÇΓöÇ
ΓöÇΓöÇΓöÇΓöÇΓöÇΓöÇΓöÇΓöÇΓöÇΓöÇΓöÇΓöÇΓöÇΓöÇΓöÇΓöÇΓöÇΓöÇΓöÇΓöÇΓö
ÇΓöÇΓöÇΓöÇΓöÇΓöÇΓöÇΓöÇΓöÇΓöÇΓöÇΓöÇΓöÇΓöÇΓöÇΓöÇΓöÇ[39m
     [90m 34 |[39m [36mconst[39m cleanup [33m=[39m 
[36masync[39m () [33m=>[39m {
    [31m[1m>[22m[39m[90m 35 |[39m   [36mawait[39m 
prisma[33m.[39mauditLog[33m.[39mdeleteMany({ 
where[33m:[39m { user[33m:[39m { email[33m:[39m { 
contains[33m:[39m [32m'zorvyn-test.dev'[39m } } } 
})[33m;[39m
     [90m    |[39m   [31m[1m^[22m[39m
     [90m 36 |[39m   [36mawait[39m 
prisma[33m.[39mrefreshToken[33m.[39mdeleteMany({ 
where[33m:[39m { user[33m:[39m { email[33m:[39m { 
contains[33m:[39m [32m'zorvyn-test.dev'[39m } } } 
})[33m;[39m
     [90m 37 |[39m   [36mawait[39m 
prisma[33m.[39muser[33m.[39mdeleteMany({ where[33m:[39m 
{ email[33m:[39m { contains[33m:[39m 
[32m'zorvyn-test.dev'[39m } } })[33m;[39m
     [90m 38 |[39m }[33m;[39m[0m

      at $n.handleRequestError 
(node_modules/@prisma/client/runtime/library.js:121:7315)
      at $n.handleAndLogRequestError 
(node_modules/@prisma/client/runtime/library.js:121:6623)
      at $n.request 
(node_modules/@prisma/client/runtime/library.js:121:6307)
      at l 
(node_modules/@prisma/client/runtime/library.js:130:9633)
      at cleanup (tests/auth.test.js:35:3)
      at Object.<anonymous> (tests/auth.test.js:42:5)

  ΓùÅ Auth Endpoints ΓÇ║ POST /api/auth/register ΓÇ║ should 
return 400 for invalid email format

    PrismaClientKnownRequestError: 
    Invalid `prisma.auditLog.deleteMany()` invocation in
    C:\Users\ketan\OneDrive\Desktop\zoryvn\tests\auth.test.js:
35:25

      32 
      33 // ΓöÇΓöÇΓöÇ Cleanup Helper ΓöÇΓöÇΓöÇΓöÇΓöÇΓöÇΓöÇΓöÇΓ
öÇΓöÇΓöÇΓöÇΓöÇΓöÇΓöÇΓöÇΓöÇΓöÇΓöÇΓöÇΓöÇΓöÇΓöÇΓöÇΓöÇΓöÇΓöÇΓöÇΓöÇ
ΓöÇΓöÇΓöÇΓöÇΓöÇΓöÇΓöÇΓöÇΓöÇΓöÇΓöÇΓöÇΓöÇΓöÇΓöÇΓöÇΓöÇΓöÇΓöÇΓöÇΓö
ÇΓöÇΓöÇΓöÇΓöÇΓöÇΓöÇΓöÇΓöÇΓöÇ
      34 const cleanup = async () => {
    ΓåÆ 35   await prisma.auditLog.deleteMany(
    The table `public.audit_logs` does not exist in the 
current database.

    [0m [90m 33 |[39m [90m// ΓöÇΓöÇΓöÇ Cleanup Helper ΓöÇΓ
öÇΓöÇΓöÇΓöÇΓöÇΓöÇΓöÇΓöÇΓöÇΓöÇΓöÇΓöÇΓöÇΓöÇΓöÇΓöÇΓöÇΓöÇΓöÇΓöÇΓöÇ
ΓöÇΓöÇΓöÇΓöÇΓöÇΓöÇΓöÇΓöÇΓöÇΓöÇΓöÇΓöÇΓöÇΓöÇΓöÇΓöÇΓöÇΓöÇΓöÇΓöÇΓö
ÇΓöÇΓöÇΓöÇΓöÇΓöÇΓöÇΓöÇΓöÇΓöÇΓöÇΓöÇΓöÇΓöÇΓöÇΓöÇΓöÇ[39m
     [90m 34 |[39m [36mconst[39m cleanup [33m=[39m 
[36masync[39m () [33m=>[39m {
    [31m[1m>[22m[39m[90m 35 |[39m   [36mawait[39m 
prisma[33m.[39mauditLog[33m.[39mdeleteMany({ 
where[33m:[39m { user[33m:[39m { email[33m:[39m { 
contains[33m:[39m [32m'zorvyn-test.dev'[39m } } } 
})[33m;[39m
     [90m    |[39m   [31m[1m^[22m[39m
     [90m 36 |[39m   [36mawait[39m 
prisma[33m.[39mrefreshToken[33m.[39mdeleteMany({ 
where[33m:[39m { user[33m:[39m { email[33m:[39m { 
contains[33m:[39m [32m'zorvyn-test.dev'[39m } } } 
})[33m;[39m
     [90m 37 |[39m   [36mawait[39m 
prisma[33m.[39muser[33m.[39mdeleteMany({ where[33m:[39m 
{ email[33m:[39m { contains[33m:[39m 
[32m'zorvyn-test.dev'[39m } } })[33m;[39m
     [90m 38 |[39m }[33m;[39m[0m

      at $n.handleRequestError 
(node_modules/@prisma/client/runtime/library.js:121:7315)
      at $n.handleAndLogRequestError 
(node_modules/@prisma/client/runtime/library.js:121:6623)
      at $n.request 
(node_modules/@prisma/client/runtime/library.js:121:6307)
      at l 
(node_modules/@prisma/client/runtime/library.js:130:9633)
      at cleanup (tests/auth.test.js:35:3)
      at Object.<anonymous> (tests/auth.test.js:42:5)

  ΓùÅ Auth Endpoints ΓÇ║ POST /api/auth/register ΓÇ║ should 
return 400 for weak password (no uppercase)

    PrismaClientKnownRequestError: 
    Invalid `prisma.auditLog.deleteMany()` invocation in
    C:\Users\ketan\OneDrive\Desktop\zoryvn\tests\auth.test.js:
35:25

      32 
      33 // ΓöÇΓöÇΓöÇ Cleanup Helper ΓöÇΓöÇΓöÇΓöÇΓöÇΓöÇΓöÇΓöÇΓ
öÇΓöÇΓöÇΓöÇΓöÇΓöÇΓöÇΓöÇΓöÇΓöÇΓöÇΓöÇΓöÇΓöÇΓöÇΓöÇΓöÇΓöÇΓöÇΓöÇΓöÇ
ΓöÇΓöÇΓöÇΓöÇΓöÇΓöÇΓöÇΓöÇΓöÇΓöÇΓöÇΓöÇΓöÇΓöÇΓöÇΓöÇΓöÇΓöÇΓöÇΓöÇΓö
ÇΓöÇΓöÇΓöÇΓöÇΓöÇΓöÇΓöÇΓöÇΓöÇ
      34 const cleanup = async () => {
    ΓåÆ 35   await prisma.auditLog.deleteMany(
    The table `public.audit_logs` does not exist in the 
current database.

    [0m [90m 33 |[39m [90m// ΓöÇΓöÇΓöÇ Cleanup Helper ΓöÇΓ
öÇΓöÇΓöÇΓöÇΓöÇΓöÇΓöÇΓöÇΓöÇΓöÇΓöÇΓöÇΓöÇΓöÇΓöÇΓöÇΓöÇΓöÇΓöÇΓöÇΓöÇ
ΓöÇΓöÇΓöÇΓöÇΓöÇΓöÇΓöÇΓöÇΓöÇΓöÇΓöÇΓöÇΓöÇΓöÇΓöÇΓöÇΓöÇΓöÇΓöÇΓöÇΓö
ÇΓöÇΓöÇΓöÇΓöÇΓöÇΓöÇΓöÇΓöÇΓöÇΓöÇΓöÇΓöÇΓöÇΓöÇΓöÇΓöÇ[39m
     [90m 34 |[39m [36mconst[39m cleanup [33m=[39m 
[36masync[39m () [33m=>[39m {
    [31m[1m>[22m[39m[90m 35 |[39m   [36mawait[39m 
prisma[33m.[39mauditLog[33m.[39mdeleteMany({ 
where[33m:[39m { user[33m:[39m { email[33m:[39m { 
contains[33m:[39m [32m'zorvyn-test.dev'[39m } } } 
})[33m;[39m
     [90m    |[39m   [31m[1m^[22m[39m
     [90m 36 |[39m   [36mawait[39m 
prisma[33m.[39mrefreshToken[33m.[39mdeleteMany({ 
where[33m:[39m { user[33m:[39m { email[33m:[39m { 
contains[33m:[39m [32m'zorvyn-test.dev'[39m } } } 
})[33m;[39m
     [90m 37 |[39m   [36mawait[39m 
prisma[33m.[39muser[33m.[39mdeleteMany({ where[33m:[39m 
{ email[33m:[39m { contains[33m:[39m 
[32m'zorvyn-test.dev'[39m } } })[33m;[39m
     [90m 38 |[39m }[33m;[39m[0m

      at $n.handleRequestError 
(node_modules/@prisma/client/runtime/library.js:121:7315)
      at $n.handleAndLogRequestError 
(node_modules/@prisma/client/runtime/library.js:121:6623)
      at $n.request 
(node_modules/@prisma/client/runtime/library.js:121:6307)
      at l 
(node_modules/@prisma/client/runtime/library.js:130:9633)
      at cleanup (tests/auth.test.js:35:3)
      at Object.<anonymous> (tests/auth.test.js:42:5)

  ΓùÅ Auth Endpoints ΓÇ║ POST /api/auth/register ΓÇ║ should 
reject unknown fields (mass assignment protection)

    PrismaClientKnownRequestError: 
    Invalid `prisma.auditLog.deleteMany()` invocation in
    C:\Users\ketan\OneDrive\Desktop\zoryvn\tests\auth.test.js:
35:25

      32 
      33 // ΓöÇΓöÇΓöÇ Cleanup Helper ΓöÇΓöÇΓöÇΓöÇΓöÇΓöÇΓöÇΓöÇΓ
öÇΓöÇΓöÇΓöÇΓöÇΓöÇΓöÇΓöÇΓöÇΓöÇΓöÇΓöÇΓöÇΓöÇΓöÇΓöÇΓöÇΓöÇΓöÇΓöÇΓöÇ
ΓöÇΓöÇΓöÇΓöÇΓöÇΓöÇΓöÇΓöÇΓöÇΓöÇΓöÇΓöÇΓöÇΓöÇΓöÇΓöÇΓöÇΓöÇΓöÇΓöÇΓö
ÇΓöÇΓöÇΓöÇΓöÇΓöÇΓöÇΓöÇΓöÇΓöÇ
      34 const cleanup = async () => {
    ΓåÆ 35   await prisma.auditLog.deleteMany(
    The table `public.audit_logs` does not exist in the 
current database.

    [0m [90m 33 |[39m [90m// ΓöÇΓöÇΓöÇ Cleanup Helper ΓöÇΓ
öÇΓöÇΓöÇΓöÇΓöÇΓöÇΓöÇΓöÇΓöÇΓöÇΓöÇΓöÇΓöÇΓöÇΓöÇΓöÇΓöÇΓöÇΓöÇΓöÇΓöÇ
ΓöÇΓöÇΓöÇΓöÇΓöÇΓöÇΓöÇΓöÇΓöÇΓöÇΓöÇΓöÇΓöÇΓöÇΓöÇΓöÇΓöÇΓöÇΓöÇΓöÇΓö
ÇΓöÇΓöÇΓöÇΓöÇΓöÇΓöÇΓöÇΓöÇΓöÇΓöÇΓöÇΓöÇΓöÇΓöÇΓöÇΓöÇ[39m
     [90m 34 |[39m [36mconst[39m cleanup [33m=[39m 
[36masync[39m () [33m=>[39m {
    [31m[1m>[22m[39m[90m 35 |[39m   [36mawait[39m 
prisma[33m.[39mauditLog[33m.[39mdeleteMany({ 
where[33m:[39m { user[33m:[39m { email[33m:[39m { 
contains[33m:[39m [32m'zorvyn-test.dev'[39m } } } 
})[33m;[39m
     [90m    |[39m   [31m[1m^[22m[39m
     [90m 36 |[39m   [36mawait[39m 
prisma[33m.[39mrefreshToken[33m.[39mdeleteMany({ 
where[33m:[39m { user[33m:[39m { email[33m:[39m { 
contains[33m:[39m [32m'zorvyn-test.dev'[39m } } } 
})[33m;[39m
     [90m 37 |[39m   [36mawait[39m 
prisma[33m.[39muser[33m.[39mdeleteMany({ where[33m:[39m 
{ email[33m:[39m { contains[33m:[39m 
[32m'zorvyn-test.dev'[39m } } })[33m;[39m
     [90m 38 |[39m }[33m;[39m[0m

      at $n.handleRequestError 
(node_modules/@prisma/client/runtime/library.js:121:7315)
      at $n.handleAndLogRequestError 
(node_modules/@prisma/client/runtime/library.js:121:6623)
      at $n.request 
(node_modules/@prisma/client/runtime/library.js:121:6307)
      at l 
(node_modules/@prisma/client/runtime/library.js:130:9633)
      at cleanup (tests/auth.test.js:35:3)
      at Object.<anonymous> (tests/auth.test.js:42:5)

  ΓùÅ Auth Endpoints ΓÇ║ POST /api/auth/login ΓÇ║ should 
login and return access token + set httpOnly cookie

    PrismaClientKnownRequestError: 
    Invalid `prisma.auditLog.deleteMany()` invocation in
    C:\Users\ketan\OneDrive\Desktop\zoryvn\tests\auth.test.js:
35:25

      32 
      33 // ΓöÇΓöÇΓöÇ Cleanup Helper ΓöÇΓöÇΓöÇΓöÇΓöÇΓöÇΓöÇΓöÇΓ
öÇΓöÇΓöÇΓöÇΓöÇΓöÇΓöÇΓöÇΓöÇΓöÇΓöÇΓöÇΓöÇΓöÇΓöÇΓöÇΓöÇΓöÇΓöÇΓöÇΓöÇ
ΓöÇΓöÇΓöÇΓöÇΓöÇΓöÇΓöÇΓöÇΓöÇΓöÇΓöÇΓöÇΓöÇΓöÇΓöÇΓöÇΓöÇΓöÇΓöÇΓöÇΓö
ÇΓöÇΓöÇΓöÇΓöÇΓöÇΓöÇΓöÇΓöÇΓöÇ
      34 const cleanup = async () => {
    ΓåÆ 35   await prisma.auditLog.deleteMany(
    The table `public.audit_logs` does not exist in the 
current database.

    [0m [90m 33 |[39m [90m// ΓöÇΓöÇΓöÇ Cleanup Helper ΓöÇΓ
öÇΓöÇΓöÇΓöÇΓöÇΓöÇΓöÇΓöÇΓöÇΓöÇΓöÇΓöÇΓöÇΓöÇΓöÇΓöÇΓöÇΓöÇΓöÇΓöÇΓöÇ
ΓöÇΓöÇΓöÇΓöÇΓöÇΓöÇΓöÇΓöÇΓöÇΓöÇΓöÇΓöÇΓöÇΓöÇΓöÇΓöÇΓöÇΓöÇΓöÇΓöÇΓö
ÇΓöÇΓöÇΓöÇΓöÇΓöÇΓöÇΓöÇΓöÇΓöÇΓöÇΓöÇΓöÇΓöÇΓöÇΓöÇΓöÇ[39m
     [90m 34 |[39m [36mconst[39m cleanup [33m=[39m 
[36masync[39m () [33m=>[39m {
    [31m[1m>[22m[39m[90m 35 |[39m   [36mawait[39m 
prisma[33m.[39mauditLog[33m.[39mdeleteMany({ 
where[33m:[39m { user[33m:[39m { email[33m:[39m { 
contains[33m:[39m [32m'zorvyn-test.dev'[39m } } } 
})[33m;[39m
     [90m    |[39m   [31m[1m^[22m[39m
     [90m 36 |[39m   [36mawait[39m 
prisma[33m.[39mrefreshToken[33m.[39mdeleteMany({ 
where[33m:[39m { user[33m:[39m { email[33m:[39m { 
contains[33m:[39m [32m'zorvyn-test.dev'[39m } } } 
})[33m;[39m
     [90m 37 |[39m   [36mawait[39m 
prisma[33m.[39muser[33m.[39mdeleteMany({ where[33m:[39m 
{ email[33m:[39m { contains[33m:[39m 
[32m'zorvyn-test.dev'[39m } } })[33m;[39m
     [90m 38 |[39m }[33m;[39m[0m

      at $n.handleRequestError 
(node_modules/@prisma/client/runtime/library.js:121:7315)
      at $n.handleAndLogRequestError 
(node_modules/@prisma/client/runtime/library.js:121:6623)
      at $n.request 
(node_modules/@prisma/client/runtime/library.js:121:6307)
      at l 
(node_modules/@prisma/client/runtime/library.js:130:9633)
      at cleanup (tests/auth.test.js:35:3)
      at Object.<anonymous> (tests/auth.test.js:42:5)

  ΓùÅ Auth Endpoints ΓÇ║ POST /api/auth/login ΓÇ║ should 
return 401 for wrong password

    PrismaClientKnownRequestError: 
    Invalid `prisma.auditLog.deleteMany()` invocation in
    C:\Users\ketan\OneDrive\Desktop\zoryvn\tests\auth.test.js:
35:25

      32 
      33 // ΓöÇΓöÇΓöÇ Cleanup Helper ΓöÇΓöÇΓöÇΓöÇΓöÇΓöÇΓöÇΓöÇΓ
öÇΓöÇΓöÇΓöÇΓöÇΓöÇΓöÇΓöÇΓöÇΓöÇΓöÇΓöÇΓöÇΓöÇΓöÇΓöÇΓöÇΓöÇΓöÇΓöÇΓöÇ
ΓöÇΓöÇΓöÇΓöÇΓöÇΓöÇΓöÇΓöÇΓöÇΓöÇΓöÇΓöÇΓöÇΓöÇΓöÇΓöÇΓöÇΓöÇΓöÇΓöÇΓö
ÇΓöÇΓöÇΓöÇΓöÇΓöÇΓöÇΓöÇΓöÇΓöÇ
      34 const cleanup = async () => {
    ΓåÆ 35   await prisma.auditLog.deleteMany(
    The table `public.audit_logs` does not exist in the 
current database.

    [0m [90m 33 |[39m [90m// ΓöÇΓöÇΓöÇ Cleanup Helper ΓöÇΓ
öÇΓöÇΓöÇΓöÇΓöÇΓöÇΓöÇΓöÇΓöÇΓöÇΓöÇΓöÇΓöÇΓöÇΓöÇΓöÇΓöÇΓöÇΓöÇΓöÇΓöÇ
ΓöÇΓöÇΓöÇΓöÇΓöÇΓöÇΓöÇΓöÇΓöÇΓöÇΓöÇΓöÇΓöÇΓöÇΓöÇΓöÇΓöÇΓöÇΓöÇΓöÇΓö
ÇΓöÇΓöÇΓöÇΓöÇΓöÇΓöÇΓöÇΓöÇΓöÇΓöÇΓöÇΓöÇΓöÇΓöÇΓöÇΓöÇ[39m
     [90m 34 |[39m [36mconst[39m cleanup [33m=[39m 
[36masync[39m () [33m=>[39m {
    [31m[1m>[22m[39m[90m 35 |[39m   [36mawait[39m 
prisma[33m.[39mauditLog[33m.[39mdeleteMany({ 
where[33m:[39m { user[33m:[39m { email[33m:[39m { 
contains[33m:[39m [32m'zorvyn-test.dev'[39m } } } 
})[33m;[39m
     [90m    |[39m   [31m[1m^[22m[39m
     [90m 36 |[39m   [36mawait[39m 
prisma[33m.[39mrefreshToken[33m.[39mdeleteMany({ 
where[33m:[39m { user[33m:[39m { email[33m:[39m { 
contains[33m:[39m [32m'zorvyn-test.dev'[39m } } } 
})[33m;[39m
     [90m 37 |[39m   [36mawait[39m 
prisma[33m.[39muser[33m.[39mdeleteMany({ where[33m:[39m 
{ email[33m:[39m { contains[33m:[39m 
[32m'zorvyn-test.dev'[39m } } })[33m;[39m
     [90m 38 |[39m }[33m;[39m[0m

      at $n.handleRequestError 
(node_modules/@prisma/client/runtime/library.js:121:7315)
      at $n.handleAndLogRequestError 
(node_modules/@prisma/client/runtime/library.js:121:6623)
      at $n.request 
(node_modules/@prisma/client/runtime/library.js:121:6307)
      at l 
(node_modules/@prisma/client/runtime/library.js:130:9633)
      at cleanup (tests/auth.test.js:35:3)
      at Object.<anonymous> (tests/auth.test.js:42:5)

  ΓùÅ Auth Endpoints ΓÇ║ POST /api/auth/login ΓÇ║ should 
return 401 for non-existent email

    PrismaClientKnownRequestError: 
    Invalid `prisma.auditLog.deleteMany()` invocation in
    C:\Users\ketan\OneDrive\Desktop\zoryvn\tests\auth.test.js:
35:25

      32 
      33 // ΓöÇΓöÇΓöÇ Cleanup Helper ΓöÇΓöÇΓöÇΓöÇΓöÇΓöÇΓöÇΓöÇΓ
öÇΓöÇΓöÇΓöÇΓöÇΓöÇΓöÇΓöÇΓöÇΓöÇΓöÇΓöÇΓöÇΓöÇΓöÇΓöÇΓöÇΓöÇΓöÇΓöÇΓöÇ
ΓöÇΓöÇΓöÇΓöÇΓöÇΓöÇΓöÇΓöÇΓöÇΓöÇΓöÇΓöÇΓöÇΓöÇΓöÇΓöÇΓöÇΓöÇΓöÇΓöÇΓö
ÇΓöÇΓöÇΓöÇΓöÇΓöÇΓöÇΓöÇΓöÇΓöÇ
      34 const cleanup = async () => {
    ΓåÆ 35   await prisma.auditLog.deleteMany(
    The table `public.audit_logs` does not exist in the 
current database.

    [0m [90m 33 |[39m [90m// ΓöÇΓöÇΓöÇ Cleanup Helper ΓöÇΓ
öÇΓöÇΓöÇΓöÇΓöÇΓöÇΓöÇΓöÇΓöÇΓöÇΓöÇΓöÇΓöÇΓöÇΓöÇΓöÇΓöÇΓöÇΓöÇΓöÇΓöÇ
ΓöÇΓöÇΓöÇΓöÇΓöÇΓöÇΓöÇΓöÇΓöÇΓöÇΓöÇΓöÇΓöÇΓöÇΓöÇΓöÇΓöÇΓöÇΓöÇΓöÇΓö
ÇΓöÇΓöÇΓöÇΓöÇΓöÇΓöÇΓöÇΓöÇΓöÇΓöÇΓöÇΓöÇΓöÇΓöÇΓöÇΓöÇ[39m
     [90m 34 |[39m [36mconst[39m cleanup [33m=[39m 
[36masync[39m () [33m=>[39m {
    [31m[1m>[22m[39m[90m 35 |[39m   [36mawait[39m 
prisma[33m.[39mauditLog[33m.[39mdeleteMany({ 
where[33m:[39m { user[33m:[39m { email[33m:[39m { 
contains[33m:[39m [32m'zorvyn-test.dev'[39m } } } 
})[33m;[39m
     [90m    |[39m   [31m[1m^[22m[39m
     [90m 36 |[39m   [36mawait[39m 
prisma[33m.[39mrefreshToken[33m.[39mdeleteMany({ 
where[33m:[39m { user[33m:[39m { email[33m:[39m { 
contains[33m:[39m [32m'zorvyn-test.dev'[39m } } } 
})[33m;[39m
     [90m 37 |[39m   [36mawait[39m 
prisma[33m.[39muser[33m.[39mdeleteMany({ where[33m:[39m 
{ email[33m:[39m { contains[33m:[39m 
[32m'zorvyn-test.dev'[39m } } })[33m;[39m
     [90m 38 |[39m }[33m;[39m[0m

      at $n.handleRequestError 
(node_modules/@prisma/client/runtime/library.js:121:7315)
      at $n.handleAndLogRequestError 
(node_modules/@prisma/client/runtime/library.js:121:6623)
      at $n.request 
(node_modules/@prisma/client/runtime/library.js:121:6307)
      at l 
(node_modules/@prisma/client/runtime/library.js:130:9633)
      at cleanup (tests/auth.test.js:35:3)
      at Object.<anonymous> (tests/auth.test.js:42:5)

  ΓùÅ Auth Endpoints ΓÇ║ POST /api/auth/login ΓÇ║ should 
return 400 for missing password field

    PrismaClientKnownRequestError: 
    Invalid `prisma.auditLog.deleteMany()` invocation in
    C:\Users\ketan\OneDrive\Desktop\zoryvn\tests\auth.test.js:
35:25

      32 
      33 // ΓöÇΓöÇΓöÇ Cleanup Helper ΓöÇΓöÇΓöÇΓöÇΓöÇΓöÇΓöÇΓöÇΓ
öÇΓöÇΓöÇΓöÇΓöÇΓöÇΓöÇΓöÇΓöÇΓöÇΓöÇΓöÇΓöÇΓöÇΓöÇΓöÇΓöÇΓöÇΓöÇΓöÇΓöÇ
ΓöÇΓöÇΓöÇΓöÇΓöÇΓöÇΓöÇΓöÇΓöÇΓöÇΓöÇΓöÇΓöÇΓöÇΓöÇΓöÇΓöÇΓöÇΓöÇΓöÇΓö
ÇΓöÇΓöÇΓöÇΓöÇΓöÇΓöÇΓöÇΓöÇΓöÇ
      34 const cleanup = async () => {
    ΓåÆ 35   await prisma.auditLog.deleteMany(
    The table `public.audit_logs` does not exist in the 
current database.

    [0m [90m 33 |[39m [90m// ΓöÇΓöÇΓöÇ Cleanup Helper ΓöÇΓ
öÇΓöÇΓöÇΓöÇΓöÇΓöÇΓöÇΓöÇΓöÇΓöÇΓöÇΓöÇΓöÇΓöÇΓöÇΓöÇΓöÇΓöÇΓöÇΓöÇΓöÇ
ΓöÇΓöÇΓöÇΓöÇΓöÇΓöÇΓöÇΓöÇΓöÇΓöÇΓöÇΓöÇΓöÇΓöÇΓöÇΓöÇΓöÇΓöÇΓöÇΓöÇΓö
ÇΓöÇΓöÇΓöÇΓöÇΓöÇΓöÇΓöÇΓöÇΓöÇΓöÇΓöÇΓöÇΓöÇΓöÇΓöÇΓöÇ[39m
     [90m 34 |[39m [36mconst[39m cleanup [33m=[39m 
[36masync[39m () [33m=>[39m {
    [31m[1m>[22m[39m[90m 35 |[39m   [36mawait[39m 
prisma[33m.[39mauditLog[33m.[39mdeleteMany({ 
where[33m:[39m { user[33m:[39m { email[33m:[39m { 
contains[33m:[39m [32m'zorvyn-test.dev'[39m } } } 
})[33m;[39m
     [90m    |[39m   [31m[1m^[22m[39m
     [90m 36 |[39m   [36mawait[39m 
prisma[33m.[39mrefreshToken[33m.[39mdeleteMany({ 
where[33m:[39m { user[33m:[39m { email[33m:[39m { 
contains[33m:[39m [32m'zorvyn-test.dev'[39m } } } 
})[33m;[39m
     [90m 37 |[39m   [36mawait[39m 
prisma[33m.[39muser[33m.[39mdeleteMany({ where[33m:[39m 
{ email[33m:[39m { contains[33m:[39m 
[32m'zorvyn-test.dev'[39m } } })[33m;[39m
     [90m 38 |[39m }[33m;[39m[0m

      at $n.handleRequestError 
(node_modules/@prisma/client/runtime/library.js:121:7315)
      at $n.handleAndLogRequestError 
(node_modules/@prisma/client/runtime/library.js:121:6623)
      at $n.request 
(node_modules/@prisma/client/runtime/library.js:121:6307)
      at l 
(node_modules/@prisma/client/runtime/library.js:130:9633)
      at cleanup (tests/auth.test.js:35:3)
      at Object.<anonymous> (tests/auth.test.js:42:5)


  ΓùÅ Test suite failed to run

    PrismaClientKnownRequestError: 
    Invalid `prisma.auditLog.deleteMany()` invocation in
    C:\Users\ketan\OneDrive\Desktop\zoryvn\tests\auth.test.js:
35:25

      32 
      33 // ΓöÇΓöÇΓöÇ Cleanup Helper ΓöÇΓöÇΓöÇΓöÇΓöÇΓöÇΓöÇΓöÇΓ
öÇΓöÇΓöÇΓöÇΓöÇΓöÇΓöÇΓöÇΓöÇΓöÇΓöÇΓöÇΓöÇΓöÇΓöÇΓöÇΓöÇΓöÇΓöÇΓöÇΓöÇ
ΓöÇΓöÇΓöÇΓöÇΓöÇΓöÇΓöÇΓöÇΓöÇΓöÇΓöÇΓöÇΓöÇΓöÇΓöÇΓöÇΓöÇΓöÇΓöÇΓöÇΓö
ÇΓöÇΓöÇΓöÇΓöÇΓöÇΓöÇΓöÇΓöÇΓöÇ
      34 const cleanup = async () => {
    ΓåÆ 35   await prisma.auditLog.deleteMany(
    The table `public.audit_logs` does not exist in the 
current database.

    [0m [90m 33 |[39m [90m// ΓöÇΓöÇΓöÇ Cleanup Helper ΓöÇΓ
öÇΓöÇΓöÇΓöÇΓöÇΓöÇΓöÇΓöÇΓöÇΓöÇΓöÇΓöÇΓöÇΓöÇΓöÇΓöÇΓöÇΓöÇΓöÇΓöÇΓöÇ
ΓöÇΓöÇΓöÇΓöÇΓöÇΓöÇΓöÇΓöÇΓöÇΓöÇΓöÇΓöÇΓöÇΓöÇΓöÇΓöÇΓöÇΓöÇΓöÇΓöÇΓö
ÇΓöÇΓöÇΓöÇΓöÇΓöÇΓöÇΓöÇΓöÇΓöÇΓöÇΓöÇΓöÇΓöÇΓöÇΓöÇΓöÇ[39m
     [90m 34 |[39m [36mconst[39m cleanup [33m=[39m 
[36masync[39m () [33m=>[39m {
    [31m[1m>[22m[39m[90m 35 |[39m   [36mawait[39m 
prisma[33m.[39mauditLog[33m.[39mdeleteMany({ 
where[33m:[39m { user[33m:[39m { email[33m:[39m { 
contains[33m:[39m [32m'zorvyn-test.dev'[39m } } } 
})[33m;[39m
     [90m    |[39m   [31m[1m^[22m[39m
     [90m 36 |[39m   [36mawait[39m 
prisma[33m.[39mrefreshToken[33m.[39mdeleteMany({ 
where[33m:[39m { user[33m:[39m { email[33m:[39m { 
contains[33m:[39m [32m'zorvyn-test.dev'[39m } } } 
})[33m;[39m
     [90m 37 |[39m   [36mawait[39m 
prisma[33m.[39muser[33m.[39mdeleteMany({ where[33m:[39m 
{ email[33m:[39m { contains[33m:[39m 
[32m'zorvyn-test.dev'[39m } } })[33m;[39m
     [90m 38 |[39m }[33m;[39m[0m

      at $n.handleRequestError 
(node_modules/@prisma/client/runtime/library.js:121:7315)
      at $n.handleAndLogRequestError 
(node_modules/@prisma/client/runtime/library.js:121:6623)
      at $n.request 
(node_modules/@prisma/client/runtime/library.js:121:6307)
      at l 
(node_modules/@prisma/client/runtime/library.js:130:9633)
      at cleanup (tests/auth.test.js:35:3)
      at Object.<anonymous> (tests/auth.test.js:46:5)

Test Suites: 1 failed, 1 total
Tests:       9 failed, 9 total
Snapshots:   0 total
Time:        0.804 s, estimated 1 s
Ran all test suites matching /tests\\auth.test.js/i.
